14:38:33 troy dem 1779 x 2955
14:38:52 stoneridge dem 2088 x 2257
14:39:12 caledonia dem 1788 x 1738
14:39:14   http 502 <html>
<head><title>502 Bad Gateway</title></head>
<body>
<center><h1>502 Bad Gateway</h1></center>
</body>
</html>

14:39:19   http 502 <html>
<head><title>502 Bad Gateway</title></head>
<body>
<center><h1>502 Bad Gateway</h1></center>
</body>
</html>

14:39:41 trueblue dem 2032 x 2803
14:39:53 rossbridge dem 2250 x 2336
14:40:17 senator dem 1991 x 1790
14:40:36 judge dem 2304 x 2588
14:40:50 legislator dem 2338 x 2468
((PDAL Error) Can't load library /home/runner/micromamba/envs/pd/lib/libpdal_plugin_reader_hdf.so: Failed to load "/home/runner/micromamba/envs/pd/lib/libpdal_plugin_reader_hdf.so": libhdf5_cpp.so.320: cannot open shared object file: No such file or directoryPDAL Error) Can't load library /home/runner/micromamba/envs/pd/lib/libpdal_plugin_reader_hdf.so: Failed to load "/home/runner/micromamba/envs/pd/lib/libpdal_plugin_reader_hdf.so": libhdf5_cpp.so.320: cannot open shared object file: No such file or directory(PDAL Error) Can't load library /home/runner/micromamba/envs/pd/lib/libpdal_plugin_reader_icebridge.so: Failed to load "/home/runner/micromamba/envs/pd/lib/libpdal_plugin_reader_icebridge.so": libhdf5_cpp.so.320: cannot open shared object file: No such file or directory(PDAL Error) Can't load library /home/runner/micromamba/envs/pd/lib/libpdal_plugin_reader_icebridge.so: Failed to load "/home/runner/micromamba/envs/pd/lib/libpdal_plugin_reader_icebridge.so": libhdf5_cpp.so.320: cannot open shared object file: No such file or directory(PDAL Error) Can't load library /home/runner/micromamba/envs/pd/lib/libpdal_plugin_reader_hdf.so: Failed to load "/home/runner/micromamba/envs/pd/lib/libpdal_plugin_reader_hdf.so": libhdf5_cpp.so.320: cannot open shared object file: No such file or directory(PDAL Error) Can't load library /home/runner/micromamba/envs/pd/lib/libpdal_plugin_reader_icebridge.so: Failed to load "/home/runner/micromamba/envs/pd/lib/libpdal_plugin_reader_icebridge.so": libhdf5_cpp.so.320: cannot open shared object file: No such file or directory(PDAL Error) Can't load library /home/runner/micromamba/envs/pd/lib/libpdal_plugin_reader_hdf.so: Failed to load "/home/runner/micromamba/envs/pd/lib/libpdal_plugin_reader_hdf.so": libhdf5_cpp.so.320: cannot open shared object file: No such file or directory(PDAL Error) Can't load library /home/runner/micromamba/envs/pd/lib/libpdal_plugin_reader_icebridge.so: Failed to load "/home/runner/micromamba/envs/pd/lib/libpdal_plugin_reader_icebridge.so": libhdf5_cpp.so.320: cannot open shared object file: No such file or directory(PDAL Error) Can't load library /home/runner/micromamba/envs/pd/lib/libpdal_plugin_reader_hdf.so: Failed to load "/home/runner/micromamba/envs/pd/lib/libpdal_plugin_reader_hdf.so": libhdf5_cpp.so.320: cannot open shared object file: No such file or directory(PDAL Error) Can't load library /home/runner/micromamba/envs/pd/lib/libpdal_plugin_reader_icebridge.so: Failed to load "/home/runner/micromamba/envs/pd/lib/libpdal_plugin_reader_icebridge.so": libhdf5_cpp.so.320: cannot open shared object file: No such file or directory((PDAL Error) Can't load library /home/runner/micromamba/envs/pd/lib/libpdal_plugin_reader_hdf.so: Failed to load "/home/runner/micromamba/envs/pd/lib/libpdal_plugin_reader_hdf.so": libhdf5_cpp.so.320: cannot open shared object file: No such file or directoryPDAL Error) Can't load library /home/runner/micromamba/envs/pd/lib/libpdal_plugin_reader_hdf.so: Failed to load "/home/runner/micromamba/envs/pd/lib/libpdal_plugin_reader_hdf.so": libhdf5_cpp.so.320: cannot open shared object file: No such file or directory((PDAL Error) Can't load library /home/runner/micromamba/envs/pd/lib/libpdal_plugin_reader_icebridge.so: Failed to load "/home/runner/micromamba/envs/pd/lib/libpdal_plugin_reader_icebridge.so": libhdf5_cpp.so.320: cannot open shared object file: No such file or directoryPDAL Error) Can't load library /home/runner/micromamba/envs/pd/lib/libpdal_plugin_reader_icebridge.so: Failed to load "/home/runner/micromamba/envs/pd/lib/libpdal_plugin_reader_icebridge.so": libhdf5_cpp.so.320: cannot open shared object file: No such file or directory(PDAL Error) Can't load library /home/runner/micromamba/envs/pd/lib/libpdal_plugin_reader_hdf.so: Failed to load "/home/runner/micromamba/envs/pd/lib/libpdal_plugin_reader_hdf.so": libhdf5_cpp.so.320: cannot open shared object file: No such file or directory(PDAL Error) Can't load library /home/runner/micromamba/envs/pd/lib/libpdal_plugin_reader_icebridge.so: Failed to load "/home/runner/micromamba/envs/pd/lib/libpdal_plugin_reader_icebridge.so": libhdf5_cpp.so.320: cannot open shared object file: No such file or directory((PDAL Error) Can't load library /home/runner/micromamba/envs/pd/lib/libpdal_plugin_reader_hdf.so: Failed to load "/home/runner/micromamba/envs/pd/lib/libpdal_plugin_reader_hdf.so": libhdf5_cpp.so.320: cannot open shared object file: No such file or directoryPDAL Error) Can't load library /home/runner/micromamba/envs/pd/lib/libpdal_plugin_reader_hdf.so: Failed to load "/home/runner/micromamba/envs/pd/lib/libpdal_plugin_reader_hdf.so": libhdf5_cpp.so.320: cannot open shared object file: No such file or directory(PDAL Error) Can't load library /home/runner/micromamba/envs/pd/lib/libpdal_plugin_reader_icebridge.so: Failed to load "/home/runner/micromamba/envs/pd/lib/libpdal_plugin_reader_icebridge.so": libhdf5_cpp.so.320: cannot open shared object file: No such file or directory((PDAL Error) Can't load library /home/runner/micromamba/envs/pd/lib/libpdal_plugin_reader_hdf.so: Failed to load "/home/runner/micromamba/envs/pd/lib/libpdal_plugin_reader_hdf.so": libhdf5_cpp.so.320: cannot open shared object file: No such file or directoryPDAL Error) Can't load library /home/runner/micromamba/envs/pd/lib/libpdal_plugin_reader_icebridge.so: Failed to load "/home/runner/micromamba/envs/pd/lib/libpdal_plugin_reader_icebridge.so": libhdf5_cpp.so.320: cannot open shared object file: No such file or directory(PDAL Error) Can't load library /home/runner/micromamba/envs/pd/lib/libpdal_plugin_reader_icebridge.so: Failed to load "/home/runner/micromamba/envs/pd/lib/libpdal_plugin_reader_icebridge.so": libhdf5_cpp.so.320: cannot open shared object file: No such file or directory(PDAL Error) Can't load library /home/runner/micromamba/envs/pd/lib/libpdal_plugin_reader_hdf.so: Failed to load "/home/runner/micromamba/envs/pd/lib/libpdal_plugin_reader_hdf.so": libhdf5_cpp.so.320: cannot open shared object file: No such file or directory(PDAL Error) Can't load library /home/runner/micromamba/envs/pd/lib/libpdal_plugin_reader_icebridge.so: Failed to load "/home/runner/micromamba/envs/pd/lib/libpdal_plugin_reader_icebridge.so": libhdf5_cpp.so.320: cannot open shared object file: No such file or directory14:40:54 troy 2 USGS_LPC_MN_Phase4_Metro_F_2011_LAS_2016 None ground None /m2 1.6 s
14:40:54 troy 0 USGS_LPC_MN_Phase4_Metro_F_2011_LAS_2016 None ground None /m2 1.6 s
14:40:54 troy 3 WI_StWide_4_StCroix_2021 17936 ground 4.21 /m2 1.9 s
14:40:54 troy 0 WI_StWide_4_StCroix_2021 15507 ground 3.67 /m2 1.9 s
14:40:55 troy 2 WI_StWide_4_StCroix_2021 17022 ground 3.49 /m2 1.9 s
14:40:55 troy 1 WI_StWide_4_StCroix_2021 14019 ground 3.31 /m2 1.9 s
14:40:56 troy 6 USGS_LPC_MN_Phase4_Metro_F_2011_LAS_2016 None ground None /m2 1.4 s
14:40:56 troy 5 WI_StWide_4_StCroix_2021 20815 ground 4.39 /m2 1.7 s
14:40:56 troy 4 WI_StWide_4_StCroix_2021 26533 ground 4.38 /m2 1.7 s
14:40:56 troy 7 WI_StWide_4_StCroix_2021 19928 ground 4.0 /m2 1.6 s
14:40:57 troy 6 WI_StWide_4_StCroix_2021 13830 ground 3.09 /m2 2.1 s
14:40:57 troy 8 MN_FullState None ground None /m2 2.3 s
14:40:57 troy 8 USGS_LPC_MN_Phase4_Metro_F_2011_LAS_2016 None ground None /m2 1.5 s
14:40:57 troy 8 WI_StWide_4_StCroix_2021 12065 ground 2.76 /m2 1.6 s
14:40:58 troy 9 USGS_LPC_MN_Phase4_Metro_F_2011_LAS_2016 None ground None /m2 1.5 s
14:40:58 troy 9 MN_FullState None ground None /m2 2.2 s
14:40:59 troy 9 WI_StWide_4_StCroix_2021 11720 ground 2.81 /m2 2.1 s
14:40:59 troy 10 MN_FullState None ground None /m2 2.3 s
14:40:59 troy 10 USGS_LPC_MN_Phase4_Metro_F_2011_LAS_2016 None ground None /m2 1.8 s
14:41:00 troy 10 WI_StWide_4_StCroix_2021 11032 ground 2.5 /m2 2.1 s
14:41:00 troy 11 USGS_LPC_MN_Phase4_Metro_F_2011_LAS_2016 None ground None /m2 1.6 s
14:41:00 troy 11 MN_FullState None ground None /m2 2.3 s
14:41:01 troy 11 WI_StWide_4_StCroix_2021 7472 ground 1.76 /m2 1.8 s
14:41:01 troy 12 USGS_LPC_MN_Phase4_Metro_F_2011_LAS_2016 None ground None /m2 1.5 s
14:41:01 troy 12 WI_StWide_4_StCroix_2021 9083 ground 2.46 /m2 1.6 s
14:41:01 troy 13 USGS_LPC_MN_Phase4_Metro_F_2011_LAS_2016 None ground None /m2 1.5 s
14:41:01 troy 12 MN_FullState None ground None /m2 2.3 s
14:41:02 troy 13 MN_FullState None ground None /m2 2.2 s
14:41:02 troy 13 WI_StWide_4_StCroix_2021 10607 ground 2.52 /m2 1.5 s
14:41:03 troy 14 USGS_LPC_MN_Phase4_Metro_F_2011_LAS_2016 None ground None /m2 1.5 s
14:41:03 troy 14 MN_FullState None ground None /m2 2.4 s
14:41:03 troy 15 USGS_LPC_MN_Phase4_Metro_F_2011_LAS_2016 None ground None /m2 1.5 s
14:41:04 troy 14 WI_StWide_4_StCroix_2021 13749 ground 2.73 /m2 2.1 s
14:41:04 troy 15 WI_StWide_4_StCroix_2021 15039 ground 2.83 /m2 1.6 s
14:41:04 troy 15 MN_FullState None ground None /m2 2.5 s
14:41:05 troy 16 USGS_LPC_MN_Phase4_Metro_F_2011_LAS_2016 None ground None /m2 1.5 s
14:41:05 troy 16 WI_StWide_4_StCroix_2021 8809 ground 1.86 /m2 1.8 s
14:41:05 troy 16 MN_FullState None ground None /m2 2.4 s
14:41:05 troy 17 USGS_LPC_MN_Phase4_Metro_F_2011_LAS_2016 None ground None /m2 1.6 s
14:41:05 troy 17 WI_StWide_4_StCroix_2021 13364 ground 2.82 /m2 1.4 s
14:41:06 troy 17 MN_FullState None ground None /m2 2.3 s
14:41:06 troy saved 1414 KB
((PDAL Error) Can't load library /home/runner/micromamba/envs/pd/lib/libpdal_plugin_reader_hdf.soPDAL:  Failed to load "/home/runner/micromamba/envs/pd/lib/libpdal_plugin_reader_hdf.so": libhdf5_cpp.so.320: cannot open shared object file: No such file or directoryError) Can't load library /home/runner/micromamba/envs/pd/lib/libpdal_plugin_reader_hdf.so: Failed to load "/home/runner/micromamba/envs/pd/lib/libpdal_plugin_reader_hdf.so": libhdf5_cpp.so.320: cannot open shared object file: No such file or directory(PDAL Error) Can't load library /home/runner/micromamba/envs/pd/lib/libpdal_plugin_reader_icebridge.so: Failed to load "/home/runner/micromamba/envs/pd/lib/libpdal_plugin_reader_icebridge.so": libhdf5_cpp.so.320: cannot open shared object file: No such file or directory(PDAL Error) Can't load library /home/runner/micromamba/envs/pd/lib/libpdal_plugin_reader_icebridge.so: Failed to load "/home/runner/micromamba/envs/pd/lib/libpdal_plugin_reader_icebridge.so": libhdf5_cpp.so.320: cannot open shared object file: No such file or directory(PDAL Error) Can't load library /home/runner/micromamba/envs/pd/lib/libpdal_plugin_reader_hdf.so: Failed to load "/home/runner/micromamba/envs/pd/lib/libpdal_plugin_reader_hdf.so": libhdf5_cpp.so.320: cannot open shared object file: No such file or directory(PDAL Error) Can't load library /home/runner/micromamba/envs/pd/lib/libpdal_plugin_reader_icebridge.so: Failed to load "/home/runner/micromamba/envs/pd/lib/libpdal_plugin_reader_icebridge.so": libhdf5_cpp.so.320: cannot open shared object file: No such file or directory(PDAL Error) Can't load library /home/runner/micromamba/envs/pd/lib/libpdal_plugin_reader_hdf.so: Failed to load "/home/runner/micromamba/envs/pd/lib/libpdal_plugin_reader_hdf.so": libhdf5_cpp.so.320: cannot open shared object file: No such file or directory(PDAL Error) Can't load library /home/runner/micromamba/envs/pd/lib/libpdal_plugin_reader_icebridge.so: Failed to load "/home/runner/micromamba/envs/pd/lib/libpdal_plugin_reader_icebridge.so": libhdf5_cpp.so.320: cannot open shared object file: No such file or directory(PDAL Error) Can't load library /home/runner/micromamba/envs/pd/lib/libpdal_plugin_reader_hdf.so: Failed to load "/home/runner/micromamba/envs/pd/lib/libpdal_plugin_reader_hdf.so": libhdf5_cpp.so.320: cannot open shared object file: No such file or directory(PDAL Error) Can't load library /home/runner/micromamba/envs/pd/lib/libpdal_plugin_reader_icebridge.so: Failed to load "/home/runner/micromamba/envs/pd/lib/libpdal_plugin_reader_icebridge.so": libhdf5_cpp.so.320: cannot open shared object file: No such file or directory(PDAL Error) Can't load library /home/runner/micromamba/envs/pd/lib/libpdal_plugin_reader_hdf.so: Failed to load "/home/runner/micromamba/envs/pd/lib/libpdal_plugin_reader_hdf.so": libhdf5_cpp.so.320: cannot open shared object file: No such file or directory(PDAL Error) Can't load library /home/runner/micromamba/envs/pd/lib/libpdal_plugin_reader_icebridge.so: Failed to load "/home/runner/micromamba/envs/pd/lib/libpdal_plugin_reader_icebridge.so": libhdf5_cpp.so.320: cannot open shared object file: No such file or directory(PDAL Error) Can't load library /home/runner/micromamba/envs/pd/lib/libpdal_plugin_reader_hdf.so: Failed to load "/home/runner/micromamba/envs/pd/lib/libpdal_plugin_reader_hdf.so": libhdf5_cpp.so.320: cannot open shared object file: No such file or directory(PDAL Error) Can't load library /home/runner/micromamba/envs/pd/lib/libpdal_plugin_reader_hdf.so: Failed to load "/home/runner/micromamba/envs/pd/lib/libpdal_plugin_reader_hdf.so": libhdf5_cpp.so.320: cannot open shared object file: No such file or directory(PDAL Error) Can't load library /home/runner/micromamba/envs/pd/lib/libpdal_plugin_reader_icebridge.so: Failed to load "/home/runner/micromamba/envs/pd/lib/libpdal_plugin_reader_icebridge.so": libhdf5_cpp.so.320: cannot open shared object file: No such file or directory(PDAL Error) Can't load library /home/runner/micromamba/envs/pd/lib/libpdal_plugin_reader_icebridge.so: Failed to load "/home/runner/micromamba/envs/pd/lib/libpdal_plugin_reader_icebridge.so": libhdf5_cpp.so.320: cannot open shared object file: No such file or directory(PDAL Error) Can't load library /home/runner/micromamba/envs/pd/lib/libpdal_plugin_reader_hdf.so: Failed to load "/home/runner/micromamba/envs/pd/lib/libpdal_plugin_reader_hdf.so": libhdf5_cpp.so.320: cannot open shared object file: No such file or directory(PDAL Error) Can't load library /home/runner/micromamba/envs/pd/lib/libpdal_plugin_reader_icebridge.so: Failed to load "/home/runner/micromamba/envs/pd/lib/libpdal_plugin_reader_icebridge.so": libhdf5_cpp.so.320: cannot open shared object file: No such file or directory(PDAL Error) Can't load library /home/runner/micromamba/envs/pd/lib/libpdal_plugin_reader_hdf.so: Failed to load "/home/runner/micromamba/envs/pd/lib/libpdal_plugin_reader_hdf.so": libhdf5_cpp.so.320: cannot open shared object file: No such file or directory(PDAL Error) Can't load library /home/runner/micromamba/envs/pd/lib/libpdal_plugin_reader_icebridge.so: Failed to load "/home/runner/micromamba/envs/pd/lib/libpdal_plugin_reader_icebridge.so": libhdf5_cpp.so.320: cannot open shared object file: No such file or directory(PDAL Error) Can't load library /home/runner/micromamba/envs/pd/lib/libpdal_plugin_reader_hdf.so: Failed to load "/home/runner/micromamba/envs/pd/lib/libpdal_plugin_reader_hdf.so": libhdf5_cpp.so.320: cannot open shared object file: No such file or directory(PDAL Error) Can't load library /home/runner/micromamba/envs/pd/lib/libpdal_plugin_reader_icebridge.so: Failed to load "/home/runner/micromamba/envs/pd/lib/libpdal_plugin_reader_icebridge.so": libhdf5_cpp.so.320: cannot open shared object file: No such file or directory(PDAL Error) Can't load library /home/runner/micromamba/envs/pd/lib/libpdal_plugin_reader_hdf.so: Failed to load "/home/runner/micromamba/envs/pd/lib/libpdal_plugin_reader_hdf.so": libhdf5_cpp.so.320: cannot open shared object file: No such file or directory(PDAL Error) Can't load library /home/runner/micromamba/envs/pd/lib/libpdal_plugin_reader_icebridge.so: Failed to load "/home/runner/micromamba/envs/pd/lib/libpdal_plugin_reader_icebridge.so": libhdf5_cpp.so.320: cannot open shared object file: No such file or directory14:41:08 stoneridge 0 USGS_LPC_MN_Phase4_Metro_F_2011_LAS_2016 2460 ground 0.68 /m2 2.1 s
14:41:09 stoneridge 1 USGS_LPC_MN_Phase4_Metro_F_2011_LAS_2016 2540 ground 0.6 /m2 2.2 s
14:41:09 stoneridge 1 MN_FullState 2542 ground 0.6 /m2 2.7 s
14:41:09 stoneridge 0 MN_FullState 2460 ground 0.68 /m2 3.0 s
14:41:09 stoneridge 1 MN_CentralMissRiver_5_B22 72677 ground 17.22 /m2 3.0 s
14:41:10 stoneridge 0 MN_CentralMissRiver_5_B22 53607 ground 14.74 /m2 3.2 s
14:41:11 stoneridge 2 USGS_LPC_MN_Phase4_Metro_F_2011_LAS_2016 2391 ground 0.53 /m2 1.7 s
14:41:11 stoneridge 2 MN_CentralMissRiver_5_B22 43361 ground 9.52 /m2 2.8 s
14:41:11 stoneridge 2 MN_FullState 2391 ground 0.53 /m2 2.8 s
14:41:12 stoneridge 3 USGS_LPC_MN_Phase4_Metro_F_2011_LAS_2016 3258 ground 0.76 /m2 2.0 s
14:41:12 stoneridge 3 MN_CentralMissRiver_5_B22 70094 ground 16.37 /m2 2.3 s
14:41:12 stoneridge 3 MN_FullState 3258 ground 0.76 /m2 2.5 s
14:41:13 stoneridge 4 USGS_LPC_MN_Phase4_Metro_F_2011_LAS_2016 3021 ground 0.62 /m2 1.8 s
14:41:14 stoneridge 4 MN_CentralMissRiver_5_B22 54611 ground 11.09 /m2 2.8 s
14:41:14 stoneridge 5 USGS_LPC_MN_Phase4_Metro_F_2011_LAS_2016 3136 ground 0.74 /m2 1.9 s
14:41:14 stoneridge 4 MN_FullState 3021 ground 0.62 /m2 2.9 s
14:41:14 stoneridge 5 MN_CentralMissRiver_5_B22 40785 ground 9.64 /m2 2.7 s
14:41:14 stoneridge 5 MN_FullState 3136 ground 0.74 /m2 2.6 s
14:41:16 stoneridge 6 MN_CentralMissRiver_5_B22 54855 ground 10.25 /m2 2.3 s
14:41:16 stoneridge 6 USGS_LPC_MN_Phase4_Metro_F_2011_LAS_2016 3525 ground 0.66 /m2 1.8 s
14:41:16 stoneridge 7 MN_CentralMissRiver_5_B22 60001 ground 14.77 /m2 2.2 s
14:41:17 stoneridge 7 USGS_LPC_MN_Phase4_Metro_F_2011_LAS_2016 6841 ground 1.69 /m2 2.3 s
14:41:17 stoneridge 7 MN_FullState 6846 ground 1.69 /m2 2.5 s
14:41:17 stoneridge 6 MN_FullState 3526 ground 0.66 /m2 3.1 s
14:41:18 stoneridge 8 MN_CentralMissRiver_5_B22 48305 ground 10.61 /m2 2.2 s
14:41:18 stoneridge 8 USGS_LPC_MN_Phase4_Metro_F_2011_LAS_2016 3266 ground 0.72 /m2 1.8 s
14:41:19 stoneridge 9 USGS_LPC_MN_Phase4_Metro_F_2011_LAS_2016 3824 ground 0.88 /m2 2.1 s
14:41:19 stoneridge 8 MN_FullState 3266 ground 0.72 /m2 3.3 s
14:41:20 stoneridge 9 MN_CentralMissRiver_5_B22 36729 ground 8.4 /m2 2.9 s
14:41:20 stoneridge 9 MN_FullState 3824 ground 0.88 /m2 3.0 s
14:41:21 stoneridge 10 MN_CentralMissRiver_5_B22 50519 ground 9.98 /m2 2.8 s
14:41:21 stoneridge 10 USGS_LPC_MN_Phase4_Metro_F_2011_LAS_2016 3492 ground 0.69 /m2 1.8 s
14:41:21 stoneridge 10 MN_FullState 3493 ground 0.69 /m2 2.7 s
14:41:21 stoneridge 11 MN_CentralMissRiver_5_B22 86605 ground 16.88 /m2 2.2 s
14:41:21 stoneridge 11 USGS_LPC_MN_Phase4_Metro_F_2011_LAS_2016 3038 ground 0.59 /m2 1.6 s
14:41:22 stoneridge 11 MN_FullState 3038 ground 0.59 /m2 2.6 s
14:41:23 stoneridge 12 USGS_LPC_MN_Phase4_Metro_F_2011_LAS_2016 2458 ground 0.59 /m2 1.8 s
14:41:23 stoneridge 12 MN_CentralMissRiver_5_B22 75070 ground 18.03 /m2 2.4 s
14:41:23 stoneridge 12 MN_FullState 2459 ground 0.59 /m2 2.6 s
14:41:24 stoneridge 13 MN_CentralMissRiver_5_B22 75183 ground 17.08 /m2 2.2 s
14:41:24 stoneridge 13 USGS_LPC_MN_Phase4_Metro_F_2011_LAS_2016 2810 ground 0.64 /m2 1.9 s
14:41:24 stoneridge 13 MN_FullState 2812 ground 0.64 /m2 2.7 s
14:41:25 stoneridge 14 MN_CentralMissRiver_5_B22 77059 ground 16.57 /m2 2.5 s
14:41:25 stoneridge 14 USGS_LPC_MN_Phase4_Metro_F_2011_LAS_2016 2596 ground 0.56 /m2 2.0 s
14:41:26 stoneridge 14 MN_FullState 2596 ground 0.56 /m2 2.5 s
14:41:26 stoneridge 15 MN_CentralMissRiver_5_B22 73569 ground 14.26 /m2 2.2 s
14:41:26 stoneridge 15 USGS_LPC_MN_Phase4_Metro_F_2011_LAS_2016 2771 ground 0.54 /m2 1.9 s
14:41:27 stoneridge 15 MN_FullState 2771 ground 0.54 /m2 2.7 s
14:41:27 stoneridge 16 USGS_LPC_MN_Phase4_Metro_F_2011_LAS_2016 2676 ground 0.7 /m2 1.8 s
14:41:28 stoneridge 17 MN_CentralMissRiver_5_B22 90048 ground 17.61 /m2 2.1 s
14:41:28 stoneridge 16 MN_FullState 2677 ground 0.7 /m2 2.7 s
14:41:28 stoneridge 16 MN_CentralMissRiver_5_B22 37106 ground 9.62 /m2 2.9 s
14:41:29 stoneridge 17 MN_FullState 4339 ground 0.85 /m2 2.5 s
14:41:29 stoneridge 17 USGS_LPC_MN_Phase4_Metro_F_2011_LAS_2016 4339 ground 0.85 /m2 1.9 s
14:41:30 stoneridge saved 5786 KB
((PDAL Error) Can't load library /home/runner/micromamba/envs/pd/lib/libpdal_plugin_reader_hdf.so: PDALFailed to load "/home/runner/micromamba/envs/pd/lib/libpdal_plugin_reader_hdf.so": libhdf5_cpp.so.320: cannot open shared object file: No such file or directory Error) Can't load library /home/runner/micromamba/envs/pd/lib/libpdal_plugin_reader_hdf.so: Failed to load "/home/runner/micromamba/envs/pd/lib/libpdal_plugin_reader_hdf.so": libhdf5_cpp.so.320: cannot open shared object file: No such file or directory(PDAL Error) Can't load library /home/runner/micromamba/envs/pd/lib/libpdal_plugin_reader_icebridge.so: Failed to load "/home/runner/micromamba/envs/pd/lib/libpdal_plugin_reader_icebridge.so": libhdf5_cpp.so.320: cannot open shared object file: No such file or directory(PDAL Error) Can't load library /home/runner/micromamba/envs/pd/lib/libpdal_plugin_reader_icebridge.so: Failed to load "/home/runner/micromamba/envs/pd/lib/libpdal_plugin_reader_icebridge.so": libhdf5_cpp.so.320: cannot open shared object file: No such file or directory(PDAL Error) Can't load library /home/runner/micromamba/envs/pd/lib/libpdal_plugin_reader_hdf.so: Failed to load "/home/runner/micromamba/envs/pd/lib/libpdal_plugin_reader_hdf.so": libhdf5_cpp.so.320: cannot open shared object file: No such file or directory(PDAL Error) Can't load library /home/runner/micromamba/envs/pd/lib/libpdal_plugin_reader_icebridge.so: Failed to load "/home/runner/micromamba/envs/pd/lib/libpdal_plugin_reader_icebridge.so": libhdf5_cpp.so.320: cannot open shared object file: No such file or directory(PDAL Error) Can't load library /home/runner/micromamba/envs/pd/lib/libpdal_plugin_reader_hdf.so: Failed to load "/home/runner/micromamba/envs/pd/lib/libpdal_plugin_reader_hdf.so": libhdf5_cpp.so.320: cannot open shared object file: No such file or directory(PDAL Error) Can't load library /home/runner/micromamba/envs/pd/lib/libpdal_plugin_reader_icebridge.so: Failed to load "/home/runner/micromamba/envs/pd/lib/libpdal_plugin_reader_icebridge.so": libhdf5_cpp.so.320: cannot open shared object file: No such file or directory(PDAL Error) Can't load library /home/runner/micromamba/envs/pd/lib/libpdal_plugin_reader_hdf.so: Failed to load "/home/runner/micromamba/envs/pd/lib/libpdal_plugin_reader_hdf.so": libhdf5_cpp.so.320: cannot open shared object file: No such file or directory(PDAL Error) Can't load library /home/runner/micromamba/envs/pd/lib/libpdal_plugin_reader_icebridge.so: Failed to load "/home/runner/micromamba/envs/pd/lib/libpdal_plugin_reader_icebridge.so": libhdf5_cpp.so.320: cannot open shared object file: No such file or directory(PDAL Error) Can't load library /home/runner/micromamba/envs/pd/lib/libpdal_plugin_reader_hdf.so: Failed to load "/home/runner/micromamba/envs/pd/lib/libpdal_plugin_reader_hdf.so": libhdf5_cpp.so.320: cannot open shared object file: No such file or directory(PDAL Error) Can't load library /home/runner/micromamba/envs/pd/lib/libpdal_plugin_reader_icebridge.so: Failed to load "/home/runner/micromamba/envs/pd/lib/libpdal_plugin_reader_icebridge.so": libhdf5_cpp.so.320: cannot open shared object file: No such file or directory(PDAL Error) Can't load library /home/runner/micromamba/envs/pd/lib/libpdal_plugin_reader_hdf.so: Failed to load "/home/runner/micromamba/envs/pd/lib/libpdal_plugin_reader_hdf.so": libhdf5_cpp.so.320: cannot open shared object file: No such file or directory(PDAL Error) Can't load library /home/runner/micromamba/envs/pd/lib/libpdal_plugin_reader_icebridge.so: Failed to load "/home/runner/micromamba/envs/pd/lib/libpdal_plugin_reader_icebridge.so": libhdf5_cpp.so.320: cannot open shared object file: No such file or directory(PDAL Error) Can't load library /home/runner/micromamba/envs/pd/lib/libpdal_plugin_reader_hdf.so: Failed to load "/home/runner/micromamba/envs/pd/lib/libpdal_plugin_reader_hdf.so": libhdf5_cpp.so.320: cannot open shared object file: No such file or directory(PDAL Error) Can't load library /home/runner/micromamba/envs/pd/lib/libpdal_plugin_reader_icebridge.so: Failed to load "/home/runner/micromamba/envs/pd/lib/libpdal_plugin_reader_icebridge.so": libhdf5_cpp.so.320: cannot open shared object file: No such file or directory(PDAL Error) Can't load library /home/runner/micromamba/envs/pd/lib/libpdal_plugin_reader_hdf.so: Failed to load "/home/runner/micromamba/envs/pd/lib/libpdal_plugin_reader_hdf.so": libhdf5_cpp.so.320: cannot open shared object file: No such file or directory(PDAL Error) Can't load library /home/runner/micromamba/envs/pd/lib/libpdal_plugin_reader_icebridge.so: Failed to load "/home/runner/micromamba/envs/pd/lib/libpdal_plugin_reader_icebridge.so": libhdf5_cpp.so.320: cannot open shared object file: No such file or directory(PDAL Error) Can't load library /home/runner/micromamba/envs/pd/lib/libpdal_plugin_reader_hdf.so: Failed to load "/home/runner/micromamba/envs/pd/lib/libpdal_plugin_reader_hdf.so": libhdf5_cpp.so.320: cannot open shared object file: No such file or directory(PDAL Error) Can't load library /home/runner/micromamba/envs/pd/lib/libpdal_plugin_reader_icebridge.so: Failed to load "/home/runner/micromamba/envs/pd/lib/libpdal_plugin_reader_icebridge.so": libhdf5_cpp.so.320: cannot open shared object file: No such file or directory(PDAL Error) Can't load library /home/runner/micromamba/envs/pd/lib/libpdal_plugin_reader_hdf.so: Failed to load "/home/runner/micromamba/envs/pd/lib/libpdal_plugin_reader_hdf.so": libhdf5_cpp.so.320: cannot open shared object file: No such file or directory(PDAL Error) Can't load library /home/runner/micromamba/envs/pd/lib/libpdal_plugin_reader_icebridge.so: Failed to load "/home/runner/micromamba/envs/pd/lib/libpdal_plugin_reader_icebridge.so": libhdf5_cpp.so.320: cannot open shared object file: No such file or directory(PDAL Error) Can't load library /home/runner/micromamba/envs/pd/lib/libpdal_plugin_reader_hdf.so: Failed to load "/home/runner/micromamba/envs/pd/lib/libpdal_plugin_reader_hdf.so": libhdf5_cpp.so.320: cannot open shared object file: No such file or directory(PDAL Error) Can't load library /home/runner/micromamba/envs/pd/lib/libpdal_plugin_reader_icebridge.so: Failed to load "/home/runner/micromamba/envs/pd/lib/libpdal_plugin_reader_icebridge.so": libhdf5_cpp.so.320: cannot open shared object file: No such file or directory14:41:32 caledonia 1 USGS_LPC_SC_Georgetown_2016_LAS_2019 6018 ground 1.54 /m2 1.8 s
14:41:32 caledonia 2 USGS_LPC_SC_Georgetown_2016_LAS_2019 10908 ground 1.93 /m2 2.1 s
14:41:32 caledonia 3 USGS_LPC_SC_Georgetown_2016_LAS_2019 10375 ground 2.1 /m2 2.2 s
14:41:32 caledonia 4 USGS_LPC_SC_Georgetown_2016_LAS_2019 7588 ground 1.68 /m2 2.2 s
14:41:32 caledonia 0 USGS_LPC_SC_Georgetown_2016_LAS_2019 13965 ground 3.2 /m2 2.3 s
14:41:32 caledonia 5 USGS_LPC_SC_Georgetown_2016_LAS_2019 19747 ground 3.51 /m2 2.3 s
14:41:34 caledonia 9 USGS_LPC_SC_Georgetown_2016_LAS_2019 12279 ground 2.98 /m2 1.7 s
14:41:34 caledonia 6 USGS_LPC_SC_Georgetown_2016_LAS_2019 20708 ground 3.22 /m2 2.1 s
14:41:34 caledonia 7 USGS_LPC_SC_Georgetown_2016_LAS_2019 11674 ground 2.74 /m2 2.0 s
14:41:34 caledonia 10 USGS_LPC_SC_Georgetown_2016_LAS_2019 16340 ground 3.28 /m2 1.9 s
14:41:34 caledonia 11 USGS_LPC_SC_Georgetown_2016_LAS_2019 8443 ground 1.65 /m2 1.9 s
14:41:34 caledonia 8 USGS_LPC_SC_Georgetown_2016_LAS_2019 14418 ground 3.08 /m2 2.0 s
14:41:36 caledonia 12 USGS_LPC_SC_Georgetown_2016_LAS_2019 7328 ground 1.85 /m2 1.7 s
14:41:36 caledonia 14 USGS_LPC_SC_Georgetown_2016_LAS_2019 10006 ground 2.12 /m2 1.6 s
14:41:36 caledonia 13 USGS_LPC_SC_Georgetown_2016_LAS_2019 12006 ground 2.25 /m2 1.7 s
14:41:36 caledonia 17 USGS_LPC_SC_Georgetown_2016_LAS_2019 13047 ground 2.47 /m2 1.8 s
14:41:36 caledonia 16 USGS_LPC_SC_Georgetown_2016_LAS_2019 7419 ground 1.59 /m2 1.9 s
14:41:36 caledonia 15 USGS_LPC_SC_Georgetown_2016_LAS_2019 6719 ground 1.44 /m2 2.0 s
14:41:36 caledonia saved 1257 KB
(PDAL Error) Can't load library /home/runner/micromamba/envs/pd/lib/libpdal_plugin_reader_hdf.so: Failed to load "/home/runner/micromamba/envs/pd/lib/libpdal_plugin_reader_hdf.so": libhdf5_cpp.so.320: cannot open shared object file: No such file or directory(PDAL Error) Can't load library /home/runner/micromamba/envs/pd/lib/libpdal_plugin_reader_icebridge.so: Failed to load "/home/runner/micromamba/envs/pd/lib/libpdal_plugin_reader_icebridge.so": libhdf5_cpp.so.320: cannot open shared object file: No such file or directory(PDAL Error) Can't load library /home/runner/micromamba/envs/pd/lib/libpdal_plugin_reader_hdf.so: Failed to load "/home/runner/micromamba/envs/pd/lib/libpdal_plugin_reader_hdf.so": libhdf5_cpp.so.320: cannot open shared object file: No such file or directory(PDAL Error) Can't load library /home/runner/micromamba/envs/pd/lib/libpdal_plugin_reader_icebridge.so: Failed to load "/home/runner/micromamba/envs/pd/lib/libpdal_plugin_reader_icebridge.so": libhdf5_cpp.so.320: cannot open shared object file: No such file or directory(PDAL Error) Can't load library /home/runner/micromamba/envs/pd/lib/libpdal_plugin_reader_hdf.so: Failed to load "/home/runner/micromamba/envs/pd/lib/libpdal_plugin_reader_hdf.so": libhdf5_cpp.so.320: cannot open shared object file: No such file or directory(PDAL Error) Can't load library /home/runner/micromamba/envs/pd/lib/libpdal_plugin_reader_icebridge.so: Failed to load "/home/runner/micromamba/envs/pd/lib/libpdal_plugin_reader_icebridge.so": libhdf5_cpp.so.320: cannot open shared object file: No such file or directory(PDAL Error) Can't load library /home/runner/micromamba/envs/pd/lib/libpdal_plugin_reader_hdf.so: Failed to load "/home/runner/micromamba/envs/pd/lib/libpdal_plugin_reader_hdf.so": libhdf5_cpp.so.320: cannot open shared object file: No such file or directory(PDAL Error) Can't load library /home/runner/micromamba/envs/pd/lib/libpdal_plugin_reader_icebridge.so: Failed to load "/home/runner/micromamba/envs/pd/lib/libpdal_plugin_reader_icebridge.so": libhdf5_cpp.so.320: cannot open shared object file: No such file or directory(PDAL Error) Can't load library /home/runner/micromamba/envs/pd/lib/libpdal_plugin_reader_hdf.so: Failed to load "/home/runner/micromamba/envs/pd/lib/libpdal_plugin_reader_hdf.so": libhdf5_cpp.so.320: cannot open shared object file: No such file or directory(PDAL Error) Can't load library /home/runner/micromamba/envs/pd/lib/libpdal_plugin_reader_icebridge.so: Failed to load "/home/runner/micromamba/envs/pd/lib/libpdal_plugin_reader_icebridge.so": libhdf5_cpp.so.320: cannot open shared object file: No such file or directory(PDAL Error) Can't load library /home/runner/micromamba/envs/pd/lib/libpdal_plugin_reader_hdf.so: Failed to load "/home/runner/micromamba/envs/pd/lib/libpdal_plugin_reader_hdf.so": libhdf5_cpp.so.320: cannot open shared object file: No such file or directory(PDAL Error) Can't load library /home/runner/micromamba/envs/pd/lib/libpdal_plugin_reader_icebridge.so: Failed to load "/home/runner/micromamba/envs/pd/lib/libpdal_plugin_reader_icebridge.so": libhdf5_cpp.so.320: cannot open shared object file: No such file or directory(PDAL Error) Can't load library /home/runner/micromamba/envs/pd/lib/libpdal_plugin_reader_hdf.so: Failed to load "/home/runner/micromamba/envs/pd/lib/libpdal_plugin_reader_hdf.so": libhdf5_cpp.so.320: cannot open shared object file: No such file or directory(PDAL Error) Can't load library /home/runner/micromamba/envs/pd/lib/libpdal_plugin_reader_icebridge.so: Failed to load "/home/runner/micromamba/envs/pd/lib/libpdal_plugin_reader_icebridge.so": libhdf5_cpp.so.320: cannot open shared object file: No such file or directory(PDAL Error) Can't load library /home/runner/micromamba/envs/pd/lib/libpdal_plugin_reader_hdf.so: Failed to load "/home/runner/micromamba/envs/pd/lib/libpdal_plugin_reader_hdf.so": libhdf5_cpp.so.320: cannot open shared object file: No such file or directory(PDAL Error) Can't load library /home/runner/micromamba/envs/pd/lib/libpdal_plugin_reader_icebridge.so: Failed to load "/home/runner/micromamba/envs/pd/lib/libpdal_plugin_reader_icebridge.so": libhdf5_cpp.so.320: cannot open shared object file: No such file or directory(PDAL Error) Can't load library /home/runner/micromamba/envs/pd/lib/libpdal_plugin_reader_hdf.so: Failed to load "/home/runner/micromamba/envs/pd/lib/libpdal_plugin_reader_hdf.so": libhdf5_cpp.so.320: cannot open shared object file: No such file or directory(PDAL Error) Can't load library /home/runner/micromamba/envs/pd/lib/libpdal_plugin_reader_icebridge.so: Failed to load "/home/runner/micromamba/envs/pd/lib/libpdal_plugin_reader_icebridge.so": libhdf5_cpp.so.320: cannot open shared object file: No such file or directory(PDAL Error) Can't load library /home/runner/micromamba/envs/pd/lib/libpdal_plugin_reader_hdf.so: Failed to load "/home/runner/micromamba/envs/pd/lib/libpdal_plugin_reader_hdf.so": libhdf5_cpp.so.320: cannot open shared object file: No such file or directory(PDAL Error) Can't load library /home/runner/micromamba/envs/pd/lib/libpdal_plugin_reader_icebridge.so: Failed to load "/home/runner/micromamba/envs/pd/lib/libpdal_plugin_reader_icebridge.so": libhdf5_cpp.so.320: cannot open shared object file: No such file or directory(PDAL Error) Can't load library /home/runner/micromamba/envs/pd/lib/libpdal_plugin_reader_hdf.so: Failed to load "/home/runner/micromamba/envs/pd/lib/libpdal_plugin_reader_hdf.so": libhdf5_cpp.so.320: cannot open shared object file: No such file or directory(PDAL Error) Can't load library /home/runner/micromamba/envs/pd/lib/libpdal_plugin_reader_icebridge.so: Failed to load "/home/runner/micromamba/envs/pd/lib/libpdal_plugin_reader_icebridge.so": libhdf5_cpp.so.320: cannot open shared object file: No such file or directory(PDAL Error) Can't load library /home/runner/micromamba/envs/pd/lib/libpdal_plugin_reader_hdf.so: Failed to load "/home/runner/micromamba/envs/pd/lib/libpdal_plugin_reader_hdf.so": libhdf5_cpp.so.320: cannot open shared object file: No such file or directory(PDAL Error) Can't load library /home/runner/micromamba/envs/pd/lib/libpdal_plugin_reader_icebridge.so: Failed to load "/home/runner/micromamba/envs/pd/lib/libpdal_plugin_reader_icebridge.so": libhdf5_cpp.so.320: cannot open shared object file: No such file or directory14:41:38 trueblue 2 USGS_LPC_SC_Georgetown_2016_LAS_2019 6343 ground 1.23 /m2 1.8 s
14:41:39 trueblue 1 USGS_LPC_SC_Georgetown_2016_LAS_2019 8636 ground 1.8 /m2 1.9 s
14:41:39 trueblue 3 USGS_LPC_SC_Georgetown_2016_LAS_2019 9394 ground 2.52 /m2 2.0 s
14:41:39 trueblue 0 USGS_LPC_SC_Georgetown_2016_LAS_2019 8760 ground 2.1 /m2 2.1 s
14:41:39 trueblue 5 USGS_LPC_SC_Georgetown_2016_LAS_2019 12575 ground 3.06 /m2 2.2 s
14:41:39 trueblue 4 USGS_LPC_SC_Georgetown_2016_LAS_2019 17749 ground 3.42 /m2 2.2 s
14:41:41 trueblue 6 USGS_LPC_SC_Georgetown_2016_LAS_2019 17598 ground 3.49 /m2 2.1 s
14:41:41 trueblue 8 USGS_LPC_SC_Georgetown_2016_LAS_2019 6905 ground 2.01 /m2 1.9 s
14:41:41 trueblue 10 USGS_LPC_SC_Georgetown_2016_LAS_2019 8533 ground 1.94 /m2 1.8 s
14:41:41 trueblue 11 USGS_LPC_SC_Georgetown_2016_LAS_2019 8364 ground 2.01 /m2 1.9 s
14:41:41 trueblue 9 USGS_LPC_SC_Georgetown_2016_LAS_2019 11224 ground 2.15 /m2 2.0 s
14:41:41 trueblue 7 USGS_LPC_SC_Georgetown_2016_LAS_2019 18653 ground 3.57 /m2 2.3 s
14:41:42 trueblue 13 USGS_LPC_SC_Georgetown_2016_LAS_2019 21737 ground 3.24 /m2 1.9 s
14:41:43 trueblue 16 USGS_LPC_SC_Georgetown_2016_LAS_2019 13141 ground 3.22 /m2 1.7 s
14:41:43 trueblue 14 USGS_LPC_SC_Georgetown_2016_LAS_2019 12941 ground 2.38 /m2 1.9 s
14:41:43 trueblue 17 USGS_LPC_SC_Georgetown_2016_LAS_2019 7821 ground 1.34 /m2 1.8 s
14:41:43 trueblue 12 USGS_LPC_SC_Georgetown_2016_LAS_2019 10888 ground 2.37 /m2 2.3 s
14:41:43 trueblue 15 USGS_LPC_SC_Georgetown_2016_LAS_2019 11522 ground 2.6 /m2 2.1 s
14:41:43 trueblue saved 1263 KB
(PDAL Error) Can't load library /home/runner/micromamba/envs/pd/lib/libpdal_plugin_reader_hdf.so: Failed to load "/home/runner/micromamba/envs/pd/lib/libpdal_plugin_reader_hdf.so": libhdf5_cpp.so.320: cannot open shared object file: No such file or directory(PDAL Error) Can't load library /home/runner/micromamba/envs/pd/lib/libpdal_plugin_reader_icebridge.so: Failed to load "/home/runner/micromamba/envs/pd/lib/libpdal_plugin_reader_icebridge.so": libhdf5_cpp.so.320: cannot open shared object file: No such file or directory(PDAL Error) Can't load library /home/runner/micromamba/envs/pd/lib/libpdal_plugin_reader_hdf.so: Failed to load "/home/runner/micromamba/envs/pd/lib/libpdal_plugin_reader_hdf.so": libhdf5_cpp.so.320: cannot open shared object file: No such file or directory(PDAL Error) Can't load library /home/runner/micromamba/envs/pd/lib/libpdal_plugin_reader_icebridge.so: Failed to load "/home/runner/micromamba/envs/pd/lib/libpdal_plugin_reader_icebridge.so": libhdf5_cpp.so.320: cannot open shared object file: No such file or directory(PDAL Error) Can't load library /home/runner/micromamba/envs/pd/lib/libpdal_plugin_reader_hdf.so: Failed to load "/home/runner/micromamba/envs/pd/lib/libpdal_plugin_reader_hdf.so": libhdf5_cpp.so.320: cannot open shared object file: No such file or directory(PDAL Error) Can't load library /home/runner/micromamba/envs/pd/lib/libpdal_plugin_reader_icebridge.so: Failed to load "/home/runner/micromamba/envs/pd/lib/libpdal_plugin_reader_icebridge.so": libhdf5_cpp.so.320: cannot open shared object file: No such file or directory(PDAL Error) Can't load library /home/runner/micromamba/envs/pd/lib/libpdal_plugin_reader_hdf.so: Failed to load "/home/runner/micromamba/envs/pd/lib/libpdal_plugin_reader_hdf.so": libhdf5_cpp.so.320: cannot open shared object file: No such file or directory(PDAL Error) Can't load library /home/runner/micromamba/envs/pd/lib/libpdal_plugin_reader_icebridge.so: Failed to load "/home/runner/micromamba/envs/pd/lib/libpdal_plugin_reader_icebridge.so": libhdf5_cpp.so.320: cannot open shared object file: No such file or directory(PDAL Error) Can't load library /home/runner/micromamba/envs/pd/lib/libpdal_plugin_reader_hdf.so: Failed to load "/home/runner/micromamba/envs/pd/lib/libpdal_plugin_reader_hdf.so": libhdf5_cpp.so.320: cannot open shared object file: No such file or directory(PDAL Error) Can't load library /home/runner/micromamba/envs/pd/lib/libpdal_plugin_reader_icebridge.so: Failed to load "/home/runner/micromamba/envs/pd/lib/libpdal_plugin_reader_icebridge.so": libhdf5_cpp.so.320: cannot open shared object file: No such file or directory(PDAL Error) Can't load library /home/runner/micromamba/envs/pd/lib/libpdal_plugin_reader_hdf.so: Failed to load "/home/runner/micromamba/envs/pd/lib/libpdal_plugin_reader_hdf.so": libhdf5_cpp.so.320: cannot open shared object file: No such file or directory(PDAL Error) Can't load library /home/runner/micromamba/envs/pd/lib/libpdal_plugin_reader_icebridge.so: Failed to load "/home/runner/micromamba/envs/pd/lib/libpdal_plugin_reader_icebridge.so": libhdf5_cpp.so.320: cannot open shared object file: No such file or directory(PDAL Error) Can't load library /home/runner/micromamba/envs/pd/lib/libpdal_plugin_reader_hdf.so: Failed to load "/home/runner/micromamba/envs/pd/lib/libpdal_plugin_reader_hdf.so": libhdf5_cpp.so.320: cannot open shared object file: No such file or directory(PDAL Error) Can't load library /home/runner/micromamba/envs/pd/lib/libpdal_plugin_reader_icebridge.so: Failed to load "/home/runner/micromamba/envs/pd/lib/libpdal_plugin_reader_icebridge.so": libhdf5_cpp.so.320: cannot open shared object file: No such file or directory(PDAL Error) Can't load library /home/runner/micromamba/envs/pd/lib/libpdal_plugin_reader_hdf.so: Failed to load "/home/runner/micromamba/envs/pd/lib/libpdal_plugin_reader_hdf.so": libhdf5_cpp.so.320: cannot open shared object file: No such file or directory(PDAL Error) Can't load library /home/runner/micromamba/envs/pd/lib/libpdal_plugin_reader_hdf.so: Failed to load "/home/runner/micromamba/envs/pd/lib/libpdal_plugin_reader_hdf.so": libhdf5_cpp.so.320: cannot open shared object file: No such file or directory(PDAL Error) Can't load library /home/runner/micromamba/envs/pd/lib/libpdal_plugin_reader_icebridge.so: Failed to load "/home/runner/micromamba/envs/pd/lib/libpdal_plugin_reader_icebridge.so": libhdf5_cpp.so.320: cannot open shared object file: No such file or directory((PDAL Error) PDALCan't load library  /home/runner/micromamba/envs/pd/lib/libpdal_plugin_reader_icebridge.so: ErrorFailed to load "/home/runner/micromamba/envs/pd/lib/libpdal_plugin_reader_icebridge.so": libhdf5_cpp.so.320: cannot open shared object file: No such file or directory) Can't load library /home/runner/micromamba/envs/pd/lib/libpdal_plugin_reader_hdf.so: Failed to load "/home/runner/micromamba/envs/pd/lib/libpdal_plugin_reader_hdf.so": libhdf5_cpp.so.320: cannot open shared object file: No such file or directory(PDAL Error) Can't load library /home/runner/micromamba/envs/pd/lib/libpdal_plugin_reader_icebridge.so: Failed to load "/home/runner/micromamba/envs/pd/lib/libpdal_plugin_reader_icebridge.so": libhdf5_cpp.so.320: cannot open shared object file: No such file or directory(PDAL Error) Can't load library /home/runner/micromamba/envs/pd/lib/libpdal_plugin_reader_hdf.so: Failed to load "/home/runner/micromamba/envs/pd/lib/libpdal_plugin_reader_hdf.so": libhdf5_cpp.so.320: cannot open shared object file: No such file or directory(PDAL Error) Can't load library /home/runner/micromamba/envs/pd/lib/libpdal_plugin_reader_icebridge.so: Failed to load "/home/runner/micromamba/envs/pd/lib/libpdal_plugin_reader_icebridge.so": libhdf5_cpp.so.320: cannot open shared object file: No such file or directory(PDAL Error) Can't load library /home/runner/micromamba/envs/pd/lib/libpdal_plugin_reader_hdf.so: Failed to load "/home/runner/micromamba/envs/pd/lib/libpdal_plugin_reader_hdf.so": libhdf5_cpp.so.320: cannot open shared object file: No such file or directory(PDAL Error) Can't load library /home/runner/micromamba/envs/pd/lib/libpdal_plugin_reader_icebridge.so: Failed to load "/home/runner/micromamba/envs/pd/lib/libpdal_plugin_reader_icebridge.so": libhdf5_cpp.so.320: cannot open shared object file: No such file or directory14:41:46 rossbridge 2 USGS_LPC_AL_JeffersonCo_2013_LAS_2015 9390 ground 2.05 /m2 2.7 s
14:41:46 rossbridge 0 USGS_LPC_AL_JeffersonCo_2013_LAS_2015 11689 ground 2.44 /m2 2.8 s
14:41:46 rossbridge 0 AL_11County_2_B23 45572 ground 9.49 /m2 2.8 s
14:41:46 rossbridge 1 AL_11County_2_B23 46055 ground 9.32 /m2 2.9 s
14:41:46 rossbridge 1 USGS_LPC_AL_JeffersonCo_2013_LAS_2015 10716 ground 2.17 /m2 2.9 s
14:41:46 rossbridge 2 AL_11County_2_B23 83303 ground 18.15 /m2 2.8 s
14:41:49 rossbridge 3 AL_11County_2_B23 50054 ground 8.9 /m2 2.6 s
14:41:49 rossbridge 5 USGS_LPC_AL_JeffersonCo_2013_LAS_2015 14135 ground 2.68 /m2 2.7 s
14:41:49 rossbridge 4 USGS_LPC_AL_JeffersonCo_2013_LAS_2015 15945 ground 3.06 /m2 2.8 s
14:41:49 rossbridge 5 AL_11County_2_B23 48471 ground 9.17 /m2 2.7 s
14:41:49 rossbridge 3 USGS_LPC_AL_JeffersonCo_2013_LAS_2015 9237 ground 1.64 /m2 2.8 s
14:41:49 rossbridge 4 AL_11County_2_B23 96430 ground 18.49 /m2 2.8 s
14:41:52 rossbridge 8 USGS_LPC_AL_JeffersonCo_2013_LAS_2015 8201 ground 1.48 /m2 2.6 s
14:41:52 rossbridge 6 USGS_LPC_AL_JeffersonCo_2013_LAS_2015 9769 ground 1.84 /m2 2.8 s
14:41:52 rossbridge 8 AL_11County_2_B23 37076 ground 6.68 /m2 2.8 s
14:41:52 rossbridge 7 USGS_LPC_AL_JeffersonCo_2013_LAS_2015 11367 ground 1.9 /m2 2.9 s
14:41:52 rossbridge 6 AL_11County_2_B23 84693 ground 15.96 /m2 3.3 s
14:41:52 rossbridge 7 AL_11County_2_B23 84535 ground 14.09 /m2 3.3 s
14:41:54 rossbridge 10 USGS_LPC_AL_JeffersonCo_2013_LAS_2015 11482 ground 2.0 /m2 2.2 s
14:41:55 rossbridge 9 USGS_LPC_AL_JeffersonCo_2013_LAS_2015 9147 ground 1.97 /m2 2.7 s
14:41:55 rossbridge 9 AL_11County_2_B23 48422 ground 10.4 /m2 2.7 s
14:41:55 rossbridge 11 USGS_LPC_AL_JeffersonCo_2013_LAS_2015 10736 ground 1.85 /m2 2.3 s
14:41:55 rossbridge 10 AL_11County_2_B23 107765 ground 18.72 /m2 2.7 s
14:41:55 rossbridge 11 AL_11County_2_B23 100671 ground 17.28 /m2 2.4 s
14:41:57 rossbridge 12 AL_11County_2_B23 42333 ground 8.75 /m2 2.6 s
14:41:57 rossbridge 13 AL_11County_2_B23 31859 ground 7.12 /m2 2.6 s
14:41:57 rossbridge 13 USGS_LPC_AL_JeffersonCo_2013_LAS_2015 7399 ground 1.82 /m2 2.5 s
14:41:57 rossbridge 12 USGS_LPC_AL_JeffersonCo_2013_LAS_2015 11561 ground 2.39 /m2 2.7 s
14:41:58 rossbridge 14 USGS_LPC_AL_JeffersonCo_2013_LAS_2015 12299 ground 2.2 /m2 2.6 s
14:41:58 rossbridge 14 AL_11County_2_B23 44840 ground 7.99 /m2 2.8 s
14:42:00 rossbridge 15 AL_11County_2_B23 58189 ground 9.74 /m2 2.3 s
14:42:00 rossbridge 16 AL_11County_2_B23 62424 ground 15.95 /m2 2.4 s
14:42:00 rossbridge 16 USGS_LPC_AL_JeffersonCo_2013_LAS_2015 8256 ground 2.12 /m2 2.6 s
14:42:00 rossbridge 17 AL_11County_2_B23 40018 ground 7.18 /m2 2.5 s
14:42:00 rossbridge 15 USGS_LPC_AL_JeffersonCo_2013_LAS_2015 14167 ground 2.37 /m2 3.0 s
14:42:01 rossbridge 17 USGS_LPC_AL_JeffersonCo_2013_LAS_2015 9635 ground 1.73 /m2 3.1 s
14:42:02 rossbridge saved 6622 KB
((PDAL Error) PDAL Can't load library Error/home/runner/micromamba/envs/pd/lib/libpdal_plugin_reader_hdf.so) : Failed to load "/home/runner/micromamba/envs/pd/lib/libpdal_plugin_reader_hdf.so": libhdf5_cpp.so.320: cannot open shared object file: No such file or directoryCan't load library /home/runner/micromamba/envs/pd/lib/libpdal_plugin_reader_hdf.so: Failed to load "/home/runner/micromamba/envs/pd/lib/libpdal_plugin_reader_hdf.so": libhdf5_cpp.so.320: cannot open shared object file: No such file or directory((PDALPDAL  ErrorError) ) Can't load library Can't load library /home/runner/micromamba/envs/pd/lib/libpdal_plugin_reader_icebridge.so/home/runner/micromamba/envs/pd/lib/libpdal_plugin_reader_icebridge.so: : Failed to load "/home/runner/micromamba/envs/pd/lib/libpdal_plugin_reader_icebridge.so": libhdf5_cpp.so.320: cannot open shared object file: No such file or directoryFailed to load "/home/runner/micromamba/envs/pd/lib/libpdal_plugin_reader_icebridge.so": libhdf5_cpp.so.320: cannot open shared object file: No such file or directory(PDAL Error) Can't load library /home/runner/micromamba/envs/pd/lib/libpdal_plugin_reader_hdf.so: Failed to load "/home/runner/micromamba/envs/pd/lib/libpdal_plugin_reader_hdf.so": libhdf5_cpp.so.320: cannot open shared object file: No such file or directory(PDAL Error) Can't load library /home/runner/micromamba/envs/pd/lib/libpdal_plugin_reader_icebridge.so: Failed to load "/home/runner/micromamba/envs/pd/lib/libpdal_plugin_reader_icebridge.so": libhdf5_cpp.so.320: cannot open shared object file: No such file or directory(PDAL Error) Can't load library /home/runner/micromamba/envs/pd/lib/libpdal_plugin_reader_hdf.so: Failed to load "/home/runner/micromamba/envs/pd/lib/libpdal_plugin_reader_hdf.so": libhdf5_cpp.so.320: cannot open shared object file: No such file or directory(PDAL Error) Can't load library /home/runner/micromamba/envs/pd/lib/libpdal_plugin_reader_icebridge.so: Failed to load "/home/runner/micromamba/envs/pd/lib/libpdal_plugin_reader_icebridge.so": libhdf5_cpp.so.320: cannot open shared object file: No such file or directory(PDAL Error) Can't load library /home/runner/micromamba/envs/pd/lib/libpdal_plugin_reader_hdf.so: Failed to load "/home/runner/micromamba/envs/pd/lib/libpdal_plugin_reader_hdf.so": libhdf5_cpp.so.320: cannot open shared object file: No such file or directory(PDAL Error) Can't load library /home/runner/micromamba/envs/pd/lib/libpdal_plugin_reader_icebridge.so: Failed to load "/home/runner/micromamba/envs/pd/lib/libpdal_plugin_reader_icebridge.so": libhdf5_cpp.so.320: cannot open shared object file: No such file or directory(PDAL Error) Can't load library /home/runner/micromamba/envs/pd/lib/libpdal_plugin_reader_hdf.so: Failed to load "/home/runner/micromamba/envs/pd/lib/libpdal_plugin_reader_hdf.so": libhdf5_cpp.so.320: cannot open shared object file: No such file or directory(PDAL Error) Can't load library /home/runner/micromamba/envs/pd/lib/libpdal_plugin_reader_icebridge.so: Failed to load "/home/runner/micromamba/envs/pd/lib/libpdal_plugin_reader_icebridge.so": libhdf5_cpp.so.320: cannot open shared object file: No such file or directory(PDAL Error) Can't load library /home/runner/micromamba/envs/pd/lib/libpdal_plugin_reader_hdf.so: Failed to load "/home/runner/micromamba/envs/pd/lib/libpdal_plugin_reader_hdf.so": libhdf5_cpp.so.320: cannot open shared object file: No such file or directory(PDAL Error) Can't load library /home/runner/micromamba/envs/pd/lib/libpdal_plugin_reader_icebridge.so: Failed to load "/home/runner/micromamba/envs/pd/lib/libpdal_plugin_reader_icebridge.so": libhdf5_cpp.so.320: cannot open shared object file: No such file or directory(PDAL Error) Can't load library /home/runner/micromamba/envs/pd/lib/libpdal_plugin_reader_hdf.so: Failed to load "/home/runner/micromamba/envs/pd/lib/libpdal_plugin_reader_hdf.so": libhdf5_cpp.so.320: cannot open shared object file: No such file or directory(PDAL Error) Can't load library /home/runner/micromamba/envs/pd/lib/libpdal_plugin_reader_icebridge.so: Failed to load "/home/runner/micromamba/envs/pd/lib/libpdal_plugin_reader_icebridge.so": libhdf5_cpp.so.320: cannot open shared object file: No such file or directory(PDAL Error) Can't load library /home/runner/micromamba/envs/pd/lib/libpdal_plugin_reader_hdf.so: Failed to load "/home/runner/micromamba/envs/pd/lib/libpdal_plugin_reader_hdf.so": libhdf5_cpp.so.320: cannot open shared object file: No such file or directory(PDAL Error) Can't load library /home/runner/micromamba/envs/pd/lib/libpdal_plugin_reader_icebridge.so: Failed to load "/home/runner/micromamba/envs/pd/lib/libpdal_plugin_reader_icebridge.so": libhdf5_cpp.so.320: cannot open shared object file: No such file or directory(PDAL Error) Can't load library /home/runner/micromamba/envs/pd/lib/libpdal_plugin_reader_hdf.so: Failed to load "/home/runner/micromamba/envs/pd/lib/libpdal_plugin_reader_hdf.so": libhdf5_cpp.so.320: cannot open shared object file: No such file or directory(PDAL Error) Can't load library /home/runner/micromamba/envs/pd/lib/libpdal_plugin_reader_hdf.so: Failed to load "/home/runner/micromamba/envs/pd/lib/libpdal_plugin_reader_hdf.so": libhdf5_cpp.so.320: cannot open shared object file: No such file or directory(PDAL Error) Can't load library /home/runner/micromamba/envs/pd/lib/libpdal_plugin_reader_icebridge.so: Failed to load "/home/runner/micromamba/envs/pd/lib/libpdal_plugin_reader_icebridge.so": libhdf5_cpp.so.320: cannot open shared object file: No such file or directory(PDAL Error) Can't load library /home/runner/micromamba/envs/pd/lib/libpdal_plugin_reader_icebridge.so: Failed to load "/home/runner/micromamba/envs/pd/lib/libpdal_plugin_reader_icebridge.so": libhdf5_cpp.so.320: cannot open shared object file: No such file or directory(PDAL Error) Can't load library /home/runner/micromamba/envs/pd/lib/libpdal_plugin_reader_hdf.so: Failed to load "/home/runner/micromamba/envs/pd/lib/libpdal_plugin_reader_hdf.so": libhdf5_cpp.so.320: cannot open shared object file: No such file or directory(PDAL Error) Can't load library /home/runner/micromamba/envs/pd/lib/libpdal_plugin_reader_icebridge.so: Failed to load "/home/runner/micromamba/envs/pd/lib/libpdal_plugin_reader_icebridge.so": libhdf5_cpp.so.320: cannot open shared object file: No such file or directory14:42:03 senator 1 USGS_LPC_AL_Autauga_2010_LAS_2016 None ground None /m2 0.6 s
14:42:03 senator 0 USGS_LPC_AL_Autauga_2010_LAS_2016 None ground None /m2 0.6 s
14:42:03 senator 4 USGS_LPC_AL_Autauga_2010_LAS_2016 None ground None /m2 0.4 s
14:42:04 senator 0 USGS_LPC_AL_25Co_B4_2017 11322 ground 2.16 /m2 2.0 s
14:42:04 senator 2 USGS_LPC_AL_25Co_B4_2017 23503 ground 2.32 /m2 2.1 s
14:42:04 senator 1 USGS_LPC_AL_25Co_B4_2017 9757 ground 1.96 /m2 2.1 s
14:42:05 senator 3 USGS_LPC_AL_25Co_B4_2017 14042 ground 2.85 /m2 2.5 s
14:42:05 senator 6 USGS_LPC_AL_Autauga_2010_LAS_2016 None ground None /m2 0.4 s
14:42:05 senator 4 USGS_LPC_AL_25Co_B4_2017 11735 ground 2.75 /m2 2.1 s
14:42:05 senator 5 USGS_LPC_AL_25Co_B4_2017 22026 ground 3.18 /m2 2.2 s
14:42:06 senator 6 USGS_LPC_AL_25Co_B4_2017 10322 ground 2.22 /m2 2.0 s
14:42:06 senator 7 USGS_LPC_AL_25Co_B4_2017 10900 ground 2.01 /m2 1.9 s
14:42:07 senator 8 USGS_LPC_AL_25Co_B4_2017 15335 ground 3.01 /m2 1.9 s
14:42:07 senator 7 USGS_LPC_AL_Autauga_2010_LAS_2016 745 ground 1.04 /m2 2.0 s
14:42:07 senator 8 USGS_LPC_AL_Autauga_2010_LAS_2016 1704 ground 0.98 /m2 2.1 s
14:42:07 senator 10 USGS_LPC_AL_Autauga_2010_LAS_2016 None ground None /m2 0.4 s
14:42:07 senator 9 USGS_LPC_AL_25Co_B4_2017 9988 ground 2.0 /m2 1.8 s
14:42:07 senator 11 USGS_LPC_AL_Autauga_2010_LAS_2016 None ground None /m2 0.5 s
14:42:08 senator 12 USGS_LPC_AL_Autauga_2010_LAS_2016 None ground None /m2 0.4 s
14:42:08 senator 13 USGS_LPC_AL_Autauga_2010_LAS_2016 None ground None /m2 0.4 s
14:42:08 senator 9 USGS_LPC_AL_Autauga_2010_LAS_2016 4607 ground 0.92 /m2 1.9 s
14:42:08 senator 10 USGS_LPC_AL_25Co_B4_2017 16353 ground 2.97 /m2 2.1 s
14:42:08 senator 11 USGS_LPC_AL_25Co_B4_2017 16695 ground 2.41 /m2 1.9 s
14:42:08 senator 14 USGS_LPC_AL_Autauga_2010_LAS_2016 None ground None /m2 0.4 s
14:42:09 senator 12 USGS_LPC_AL_25Co_B4_2017 8674 ground 1.73 /m2 1.8 s
14:42:09 senator 13 USGS_LPC_AL_25Co_B4_2017 13152 ground 2.91 /m2 2.1 s
14:42:10 senator 14 USGS_LPC_AL_25Co_B4_2017 13665 ground 2.59 /m2 1.9 s
14:42:10 senator 15 USGS_LPC_AL_25Co_B4_2017 8524 ground 1.75 /m2 1.8 s
14:42:10 senator 15 USGS_LPC_AL_Autauga_2010_LAS_2016 6525 ground 1.34 /m2 1.9 s
14:42:11 senator 16 USGS_LPC_AL_25Co_B4_2017 11578 ground 2.01 /m2 2.1 s
14:42:11 senator 16 USGS_LPC_AL_Autauga_2010_LAS_2016 5065 ground 0.88 /m2 1.8 s
14:42:11 senator saved 1486 KB
((PDAL Error) Can't load library /home/runner/micromamba/envs/pd/lib/libpdal_plugin_reader_hdf.so: Failed to load "/home/runner/micromamba/envs/pd/lib/libpdal_plugin_reader_hdf.so": libhdf5_cpp.so.320: cannot open shared object file: No such file or directoryPDAL Error) Can't load library /home/runner/micromamba/envs/pd/lib/libpdal_plugin_reader_hdf.so: Failed to load "/home/runner/micromamba/envs/pd/lib/libpdal_plugin_reader_hdf.so": libhdf5_cpp.so.320: cannot open shared object file: No such file or directory((PDALPDAL  ErrorError) ) Can't load library Can't load library /home/runner/micromamba/envs/pd/lib/libpdal_plugin_reader_icebridge.so/home/runner/micromamba/envs/pd/lib/libpdal_plugin_reader_icebridge.so: : Failed to load "/home/runner/micromamba/envs/pd/lib/libpdal_plugin_reader_icebridge.so": libhdf5_cpp.so.320: cannot open shared object file: No such file or directoryFailed to load "/home/runner/micromamba/envs/pd/lib/libpdal_plugin_reader_icebridge.so": libhdf5_cpp.so.320: cannot open shared object file: No such file or directory(PDAL Error) Can't load library /home/runner/micromamba/envs/pd/lib/libpdal_plugin_reader_hdf.so: Failed to load "/home/runner/micromamba/envs/pd/lib/libpdal_plugin_reader_hdf.so": libhdf5_cpp.so.320: cannot open shared object file: No such file or directory(PDAL Error) Can't load library /home/runner/micromamba/envs/pd/lib/libpdal_plugin_reader_icebridge.so: Failed to load "/home/runner/micromamba/envs/pd/lib/libpdal_plugin_reader_icebridge.so": libhdf5_cpp.so.320: cannot open shared object file: No such file or directory(PDAL Error) Can't load library /home/runner/micromamba/envs/pd/lib/libpdal_plugin_reader_hdf.so: Failed to load "/home/runner/micromamba/envs/pd/lib/libpdal_plugin_reader_hdf.so": libhdf5_cpp.so.320: cannot open shared object file: No such file or directory(PDAL Error) Can't load library /home/runner/micromamba/envs/pd/lib/libpdal_plugin_reader_icebridge.so: Failed to load "/home/runner/micromamba/envs/pd/lib/libpdal_plugin_reader_icebridge.so": libhdf5_cpp.so.320: cannot open shared object file: No such file or directory(PDAL Error) Can't load library /home/runner/micromamba/envs/pd/lib/libpdal_plugin_reader_hdf.so: Failed to load "/home/runner/micromamba/envs/pd/lib/libpdal_plugin_reader_hdf.so": libhdf5_cpp.so.320: cannot open shared object file: No such file or directory(PDAL Error) Can't load library /home/runner/micromamba/envs/pd/lib/libpdal_plugin_reader_icebridge.so: Failed to load "/home/runner/micromamba/envs/pd/lib/libpdal_plugin_reader_icebridge.so": libhdf5_cpp.so.320: cannot open shared object file: No such file or directory(PDAL Error) Can't load library /home/runner/micromamba/envs/pd/lib/libpdal_plugin_reader_hdf.so: Failed to load "/home/runner/micromamba/envs/pd/lib/libpdal_plugin_reader_hdf.so": libhdf5_cpp.so.320: cannot open shared object file: No such file or directory(PDAL Error) Can't load library /home/runner/micromamba/envs/pd/lib/libpdal_plugin_reader_icebridge.so: Failed to load "/home/runner/micromamba/envs/pd/lib/libpdal_plugin_reader_icebridge.so": libhdf5_cpp.so.320: cannot open shared object file: No such file or directory(PDAL Error) Can't load library /home/runner/micromamba/envs/pd/lib/libpdal_plugin_reader_hdf.so: Failed to load "/home/runner/micromamba/envs/pd/lib/libpdal_plugin_reader_hdf.so": libhdf5_cpp.so.320: cannot open shared object file: No such file or directory(PDAL Error) Can't load library /home/runner/micromamba/envs/pd/lib/libpdal_plugin_reader_icebridge.so: Failed to load "/home/runner/micromamba/envs/pd/lib/libpdal_plugin_reader_icebridge.so": libhdf5_cpp.so.320: cannot open shared object file: No such file or directory(PDAL Error) Can't load library /home/runner/micromamba/envs/pd/lib/libpdal_plugin_reader_hdf.so: Failed to load "/home/runner/micromamba/envs/pd/lib/libpdal_plugin_reader_hdf.so": libhdf5_cpp.so.320: cannot open shared object file: No such file or directory(PDAL Error) Can't load library /home/runner/micromamba/envs/pd/lib/libpdal_plugin_reader_icebridge.so: Failed to load "/home/runner/micromamba/envs/pd/lib/libpdal_plugin_reader_icebridge.so": libhdf5_cpp.so.320: cannot open shared object file: No such file or directory((PDAL Error) Can't load library /home/runner/micromamba/envs/pd/lib/libpdal_plugin_reader_hdf.so: Failed to load "/home/runner/micromamba/envs/pd/lib/libpdal_plugin_reader_hdf.so": libhdf5_cpp.so.320: cannot open shared object file: No such file or directoryPDAL Error) Can't load library /home/runner/micromamba/envs/pd/lib/libpdal_plugin_reader_hdf.so: Failed to load "/home/runner/micromamba/envs/pd/lib/libpdal_plugin_reader_hdf.so": libhdf5_cpp.so.320: cannot open shared object file: No such file or directory((PDAL Error) Can't load library /home/runner/micromamba/envs/pd/lib/libpdal_plugin_reader_icebridge.so: Failed to load "/home/runner/micromamba/envs/pd/lib/libpdal_plugin_reader_icebridge.so": libhdf5_cpp.so.320: cannot open shared object file: No such file or directoryPDAL Error) Can't load library /home/runner/micromamba/envs/pd/lib/libpdal_plugin_reader_icebridge.so: Failed to load "/home/runner/micromamba/envs/pd/lib/libpdal_plugin_reader_icebridge.so": libhdf5_cpp.so.320: cannot open shared object file: No such file or directory(PDAL Error) Can't load library /home/runner/micromamba/envs/pd/lib/libpdal_plugin_reader_hdf.so: Failed to load "/home/runner/micromamba/envs/pd/lib/libpdal_plugin_reader_hdf.so": libhdf5_cpp.so.320: cannot open shared object file: No such file or directory(PDAL Error) Can't load library /home/runner/micromamba/envs/pd/lib/libpdal_plugin_reader_icebridge.so: Failed to load "/home/runner/micromamba/envs/pd/lib/libpdal_plugin_reader_icebridge.so": libhdf5_cpp.so.320: cannot open shared object file: No such file or directory(PDAL Error) Can't load library /home/runner/micromamba/envs/pd/lib/libpdal_plugin_reader_hdf.so: Failed to load "/home/runner/micromamba/envs/pd/lib/libpdal_plugin_reader_hdf.so": libhdf5_cpp.so.320: cannot open shared object file: No such file or directory(PDAL Error) Can't load library /home/runner/micromamba/envs/pd/lib/libpdal_plugin_reader_icebridge.so: Failed to load "/home/runner/micromamba/envs/pd/lib/libpdal_plugin_reader_icebridge.so": libhdf5_cpp.so.320: cannot open shared object file: No such file or directory14:42:13 judge 0 AL_17Co_2_2020 None ground None /m2 1.7 s
14:42:13 judge 1 AL_17Co_2_2020 None ground None /m2 1.8 s
14:42:13 judge 2 AL_17Co_2_2020 11366 ground 3.01 /m2 1.9 s
14:42:13 judge 2 USGS_LPC_AL_25Co_B4_2017 7873 ground 1.68 /m2 2.0 s
14:42:13 judge 1 USGS_LPC_AL_25Co_B4_2017 6683 ground 1.76 /m2 2.3 s
14:42:13 judge 0 USGS_LPC_AL_25Co_B4_2017 8172 ground 1.96 /m2 2.3 s
14:42:15 judge 3 AL_17Co_2_2020 11282 ground 2.42 /m2 1.9 s
14:42:15 judge 4 USGS_LPC_AL_25Co_B4_2017 12146 ground 2.54 /m2 1.8 s
14:42:15 judge 3 USGS_LPC_AL_25Co_B4_2017 11140 ground 2.39 /m2 2.1 s
14:42:15 judge 5 USGS_LPC_AL_25Co_B4_2017 9334 ground 1.98 /m2 1.7 s
14:42:15 judge 5 AL_17Co_2_2020 14973 ground 3.7 /m2 2.0 s
14:42:16 judge 4 AL_17Co_2_2020 11240 ground 2.51 /m2 2.5 s
14:42:16 judge 6 AL_17Co_2_2020 None ground None /m2 1.6 s
14:42:17 judge 7 AL_17Co_2_2020 None ground None /m2 1.5 s
14:42:17 judge 6 USGS_LPC_AL_25Co_B4_2017 9572 ground 1.84 /m2 1.8 s
14:42:17 judge 8 AL_17Co_2_2020 13249 ground 2.78 /m2 1.7 s
14:42:18 judge 7 USGS_LPC_AL_25Co_B4_2017 9525 ground 1.86 /m2 2.5 s
14:42:18 judge 8 USGS_LPC_AL_25Co_B4_2017 13859 ground 2.92 /m2 2.3 s
14:42:18 judge 9 AL_17Co_2_2020 None ground None /m2 1.6 s
14:42:19 judge 9 USGS_LPC_AL_25Co_B4_2017 8473 ground 1.76 /m2 2.0 s
14:42:19 judge 10 USGS_LPC_AL_25Co_B4_2017 8633 ground 1.8 /m2 1.8 s
14:42:19 judge 12 AL_17Co_2_2020 None ground None /m2 1.3 s
14:42:19 judge 11 USGS_LPC_AL_25Co_B4_2017 12454 ground 2.63 /m2 2.0 s
14:42:20 judge 13 AL_17Co_2_2020 None ground None /m2 1.5 s
14:42:20 judge 12 USGS_LPC_AL_25Co_B4_2017 7636 ground 1.66 /m2 1.9 s
14:42:20 judge 14 AL_17Co_2_2020 None ground None /m2 1.5 s
14:42:21 judge 13 USGS_LPC_AL_25Co_B4_2017 8141 ground 1.91 /m2 1.8 s
14:42:21 judge 15 AL_17Co_2_2020 None ground None /m2 1.5 s
14:42:21 judge 17 USGS_LPC_AL_Autauga_2010_LAS_2016 None ground None /m2 0.5 s
14:42:21 judge 14 USGS_LPC_AL_25Co_B4_2017 12732 ground 2.6 /m2 2.1 s
14:42:22 judge 15 USGS_LPC_AL_25Co_B4_2017 12535 ground 2.49 /m2 2.0 s
14:42:22 judge 17 USGS_LPC_AL_25Co_B4_2017 6356 ground 1.84 /m2 1.9 s
14:42:22 judge 16 USGS_LPC_AL_25Co_B4_2017 9446 ground 2.02 /m2 2.3 s
14:42:22 judge saved 1403 KB
(PDAL Error) Can't load library /home/runner/micromamba/envs/pd/lib/libpdal_plugin_reader_hdf.so: Failed to load "/home/runner/micromamba/envs/pd/lib/libpdal_plugin_reader_hdf.so": libhdf5_cpp.so.320: cannot open shared object file: No such file or directory(PDAL Error) Can't load library /home/runner/micromamba/envs/pd/lib/libpdal_plugin_reader_icebridge.so: Failed to load "/home/runner/micromamba/envs/pd/lib/libpdal_plugin_reader_icebridge.so": libhdf5_cpp.so.320: cannot open shared object file: No such file or directory(PDAL Error) Can't load library /home/runner/micromamba/envs/pd/lib/libpdal_plugin_reader_hdf.so: Failed to load "/home/runner/micromamba/envs/pd/lib/libpdal_plugin_reader_hdf.so": libhdf5_cpp.so.320: cannot open shared object file: No such file or directory(PDAL Error) Can't load library /home/runner/micromamba/envs/pd/lib/libpdal_plugin_reader_icebridge.so: Failed to load "/home/runner/micromamba/envs/pd/lib/libpdal_plugin_reader_icebridge.so": libhdf5_cpp.so.320: cannot open shared object file: No such file or directory(PDAL Error) Can't load library /home/runner/micromamba/envs/pd/lib/libpdal_plugin_reader_hdf.so: Failed to load "/home/runner/micromamba/envs/pd/lib/libpdal_plugin_reader_hdf.so": libhdf5_cpp.so.320: cannot open shared object file: No such file or directory((PDAL Error) Can't load library /home/runner/micromamba/envs/pd/lib/libpdal_plugin_reader_hdf.so: Failed to load "/home/runner/micromamba/envs/pd/lib/libpdal_plugin_reader_hdf.so": libhdf5_cpp.so.320: cannot open shared object file: No such file or directory(PDAL Error) Can't load library /home/runner/micromamba/envs/pd/lib/libpdal_plugin_reader_icebridge.so: Failed to load "/home/runner/micromamba/envs/pd/lib/libpdal_plugin_reader_icebridge.so": libhdf5_cpp.so.320: cannot open shared object file: No such file or directoryPDAL Error) Can't load library /home/runner/micromamba/envs/pd/lib/libpdal_plugin_reader_icebridge.so: Failed to load "/home/runner/micromamba/envs/pd/lib/libpdal_plugin_reader_icebridge.so": libhdf5_cpp.so.320: cannot open shared object file: No such file or directory(PDAL Error) Can't load library /home/runner/micromamba/envs/pd/lib/libpdal_plugin_reader_hdf.so: Failed to load "/home/runner/micromamba/envs/pd/lib/libpdal_plugin_reader_hdf.so": libhdf5_cpp.so.320: cannot open shared object file: No such file or directory(PDAL Error) Can't load library /home/runner/micromamba/envs/pd/lib/libpdal_plugin_reader_icebridge.so: Failed to load "/home/runner/micromamba/envs/pd/lib/libpdal_plugin_reader_icebridge.so": libhdf5_cpp.so.320: cannot open shared object file: No such file or directory(PDAL Error) Can't load library /home/runner/micromamba/envs/pd/lib/libpdal_plugin_reader_hdf.so: Failed to load "/home/runner/micromamba/envs/pd/lib/libpdal_plugin_reader_hdf.so": libhdf5_cpp.so.320: cannot open shared object file: No such file or directory(PDAL Error) Can't load library /home/runner/micromamba/envs/pd/lib/libpdal_plugin_reader_icebridge.so: Failed to load "/home/runner/micromamba/envs/pd/lib/libpdal_plugin_reader_icebridge.so": libhdf5_cpp.so.320: cannot open shared object file: No such file or directory(PDAL Error) Can't load library /home/runner/micromamba/envs/pd/lib/libpdal_plugin_reader_hdf.so: Failed to load "/home/runner/micromamba/envs/pd/lib/libpdal_plugin_reader_hdf.so": libhdf5_cpp.so.320: cannot open shared object file: No such file or directory(PDAL Error) Can't load library /home/runner/micromamba/envs/pd/lib/libpdal_plugin_reader_icebridge.so: Failed to load "/home/runner/micromamba/envs/pd/lib/libpdal_plugin_reader_icebridge.so": libhdf5_cpp.so.320: cannot open shared object file: No such file or directory(PDAL Error) Can't load library /home/runner/micromamba/envs/pd/lib/libpdal_plugin_reader_hdf.so: Failed to load "/home/runner/micromamba/envs/pd/lib/libpdal_plugin_reader_hdf.so": libhdf5_cpp.so.320: cannot open shared object file: No such file or directory(PDAL Error) Can't load library /home/runner/micromamba/envs/pd/lib/libpdal_plugin_reader_icebridge.so: Failed to load "/home/runner/micromamba/envs/pd/lib/libpdal_plugin_reader_icebridge.so": libhdf5_cpp.so.320: cannot open shared object file: No such file or directory(PDAL Error) Can't load library /home/runner/micromamba/envs/pd/lib/libpdal_plugin_reader_hdf.so: Failed to load "/home/runner/micromamba/envs/pd/lib/libpdal_plugin_reader_hdf.so": libhdf5_cpp.so.320: cannot open shared object file: No such file or directory(PDAL Error) Can't load library /home/runner/micromamba/envs/pd/lib/libpdal_plugin_reader_icebridge.so: Failed to load "/home/runner/micromamba/envs/pd/lib/libpdal_plugin_reader_icebridge.so": libhdf5_cpp.so.320: cannot open shared object file: No such file or directory(PDAL Error) Can't load library /home/runner/micromamba/envs/pd/lib/libpdal_plugin_reader_hdf.so: Failed to load "/home/runner/micromamba/envs/pd/lib/libpdal_plugin_reader_hdf.so": libhdf5_cpp.so.320: cannot open shared object file: No such file or directory(PDAL Error) Can't load library /home/runner/micromamba/envs/pd/lib/libpdal_plugin_reader_icebridge.so: Failed to load "/home/runner/micromamba/envs/pd/lib/libpdal_plugin_reader_icebridge.so": libhdf5_cpp.so.320: cannot open shared object file: No such file or directory(PDAL Error) Can't load library /home/runner/micromamba/envs/pd/lib/libpdal_plugin_reader_hdf.so: Failed to load "/home/runner/micromamba/envs/pd/lib/libpdal_plugin_reader_hdf.so": libhdf5_cpp.so.320: cannot open shared object file: No such file or directory(PDAL Error) Can't load library /home/runner/micromamba/envs/pd/lib/libpdal_plugin_reader_icebridge.so: Failed to load "/home/runner/micromamba/envs/pd/lib/libpdal_plugin_reader_icebridge.so": libhdf5_cpp.so.320: cannot open shared object file: No such file or directory(PDAL Error) Can't load library /home/runner/micromamba/envs/pd/lib/libpdal_plugin_reader_hdf.so: Failed to load "/home/runner/micromamba/envs/pd/lib/libpdal_plugin_reader_hdf.so": libhdf5_cpp.so.320: cannot open shared object file: No such file or directory(PDAL Error) Can't load library /home/runner/micromamba/envs/pd/lib/libpdal_plugin_reader_icebridge.so: Failed to load "/home/runner/micromamba/envs/pd/lib/libpdal_plugin_reader_icebridge.so": libhdf5_cpp.so.320: cannot open shared object file: No such file or directory14:42:25 legislator 0 USGS_LPC_AL_25Co_B4_2017 8836 ground 2.13 /m2 1.9 s
14:42:25 legislator 1 USGS_LPC_AL_Autauga_2010_LAS_2016 3809 ground 0.95 /m2 2.2 s
14:42:25 legislator 0 USGS_LPC_AL_Autauga_2010_LAS_2016 5452 ground 1.32 /m2 2.2 s
14:42:25 legislator 1 USGS_LPC_AL_25Co_B4_2017 12405 ground 2.97 /m2 2.2 s
14:42:25 legislator 2 USGS_LPC_AL_25Co_B4_2017 13018 ground 2.9 /m2 2.3 s
14:42:25 legislator 2 USGS_LPC_AL_Autauga_2010_LAS_2016 3564 ground 0.95 /m2 2.6 s
14:42:27 legislator 3 USGS_LPC_AL_Autauga_2010_LAS_2016 5406 ground 1.05 /m2 2.1 s
14:42:27 legislator 4 USGS_LPC_AL_25Co_B4_2017 7231 ground 1.72 /m2 2.1 s
14:42:27 legislator 5 USGS_LPC_AL_25Co_B4_2017 9070 ground 1.71 /m2 2.2 s
14:42:27 legislator 3 USGS_LPC_AL_25Co_B4_2017 13544 ground 2.65 /m2 2.3 s
14:42:27 legislator 4 USGS_LPC_AL_Autauga_2010_LAS_2016 3593 ground 0.86 /m2 2.2 s
14:42:28 legislator 5 USGS_LPC_AL_Autauga_2010_LAS_2016 6057 ground 1.14 /m2 2.6 s
14:42:28 legislator 8 USGS_LPC_AL_Autauga_2010_LAS_2016 None ground None /m2 0.4 s
14:42:29 legislator 6 USGS_LPC_AL_25Co_B4_2017 11925 ground 1.85 /m2 2.0 s
14:42:29 legislator 6 USGS_LPC_AL_Autauga_2010_LAS_2016 8695 ground 1.35 /m2 2.0 s
14:42:29 legislator 7 USGS_LPC_AL_25Co_B4_2017 12914 ground 2.78 /m2 2.2 s
14:42:29 legislator 7 USGS_LPC_AL_Autauga_2010_LAS_2016 4200 ground 0.91 /m2 2.2 s
14:42:29 legislator 8 USGS_LPC_AL_25Co_B4_2017 10326 ground 1.94 /m2 2.2 s
14:42:30 legislator 9 USGS_LPC_AL_25Co_B4_2017 10471 ground 2.26 /m2 1.9 s
14:42:31 legislator 10 USGS_LPC_AL_25Co_B4_2017 8355 ground 1.58 /m2 2.1 s
14:42:31 legislator 11 USGS_LPC_AL_25Co_B4_2017 6908 ground 1.49 /m2 2.1 s
14:42:31 legislator 13 USGS_LPC_AL_25Co_B4_2017 9304 ground 2.06 /m2 2.0 s
14:42:32 legislator 12 USGS_LPC_AL_25Co_B4_2017 9520 ground 2.08 /m2 2.3 s
14:42:32 legislator 16 USGS_LPC_AL_Autauga_2010_LAS_2016 None ground None /m2 0.4 s
14:42:32 legislator 14 USGS_LPC_AL_25Co_B4_2017 10934 ground 2.88 /m2 2.3 s
14:42:32 legislator 17 USGS_LPC_AL_Autauga_2010_LAS_2016 None ground None /m2 0.4 s
14:42:32 legislator 15 USGS_LPC_AL_25Co_B4_2017 14053 ground 2.82 /m2 2.1 s
14:42:33 legislator 16 USGS_LPC_AL_25Co_B4_2017 8821 ground 2.02 /m2 2.0 s
14:42:33 legislator 17 USGS_LPC_AL_25Co_B4_2017 10798 ground 2.03 /m2 1.9 s
14:42:34 legislator saved 1373 KB
